// Jest Snapshot v1, https://goo.gl/fbAQLP

exports[`<BodyPanel/> Checking default 1`] = `
<div
  className="bodyPanelStyle"
/>
`;
