// Jest Snapshot v1, https://goo.gl/fbAQLP

exports[`<MenuPanel/> Renders correctly with children 1`] = `
<div
  className="menuPanelStyle"
>
  <MenuItem
    text="People"
  />
  <MenuItem
    text="Projects"
  />
  <MenuItem
    text="Skills"
  />
</div>
`;
