// Jest Snapshot v1, https://goo.gl/fbAQLP

exports[`<BpmIconButton /> Component Renders correctly 1`] = `
<BpmIconButton
  classes={
    Object {
      "hide": "BpmIconButton-hide-1",
      "show": "BpmIconButton-show-2",
    }
  }
  hoverId=""
/>
`;
