// Jest Snapshot v1, https://goo.gl/fbAQLP

exports[`<BpmTableCell /> Component Renders correctly 1`] = `
<BpmTableCell
  classes={
    Object {
      "cell": "BpmTableCell-cell-1",
    }
  }
/>
`;
