// Jest Snapshot v1, https://goo.gl/fbAQLP

exports[`<PageContainer/> Renders correctly with children 1`] = `
<div
  className="pageContainerStyle"
>
  <MenuPanel />
  <BodyPanel />
</div>
`;
